---
source: swiftide-macros/src/tool/mod.rs
expression: "crate::test_utils::pretty_macro_output(&output)"
---
#[derive(
    ::swiftide::reexports::serde::Serialize,
    ::swiftide::reexports::serde::Deserialize,
    ::swiftide::reexports::schemars::JsonSchema,
    Debug
)]
pub struct HelloDeriveArgs {
    pub test: String,
}
#[async_trait::async_trait]
impl swiftide::chat_completion::Tool for HelloDerive {
    async fn invoke(
        &self,
        agent_context: &dyn swiftide::traits::AgentContext,
        tool_call: &swiftide::chat_completion::ToolCall,
    ) -> std::result::Result<
        swiftide::chat_completion::ToolOutput,
        ::swiftide::chat_completion::errors::ToolError,
    > {
        let Some(args) = tool_call.args() else {
            return Err(
                ::swiftide::chat_completion::errors::ToolError::MissingArguments(
                    format!("No arguments provided for {}", "hello_derive").into(),
                ),
            )
        };
        let args: HelloDeriveArgs = ::swiftide::reexports::serde_json::from_str(&args)?;
        return self.hello_derive(agent_context, &args.test).await;
    }
    fn name<'TOOL>(&'TOOL self) -> std::borrow::Cow<'TOOL, str> {
        "hello_derive".into()
    }
    fn tool_spec(&self) -> swiftide::chat_completion::ToolSpec {
        swiftide::chat_completion::ToolSpec::builder()
            .name("hello_derive")
            .description("Hello derive")
            .parameters_schema(
                ::swiftide::reexports::schemars::schema_for!(HelloDeriveArgs),
            )
            .build()
            .unwrap()
    }
}
impl From<HelloDerive> for Box<dyn ::swiftide::chat_completion::Tool> {
    fn from(val: HelloDerive) -> Self {
        Box::new(val) as Box<dyn ::swiftide::chat_completion::Tool>
    }
}
