---
source: swiftide-indexing/src/transformers/metadata_qa_text.rs
expression: prompt.render().await.unwrap()
---
# Task

Your task is to generate questions and answers for the given text.

Given that somebody else might ask questions about the text, consider things like:

- What does this text do?
- What other internal parts does the text use?
- Does this text have any dependencies?
- What are some potential use cases for this text?
- ... and so on

# Constraints

- Generate at most 5 questions and answers.
- Only respond in the example format
- Only respond with questions and answers that can be derived from the text.

# Example

Respond in the following example format and do not include anything else:

```
Q1: What is the capital of France?
A1: Paris.
```

# text

```
test
```
